========================================================================
pdb2reaction summary.log
========================================================================
Input              : pdb2reaction all -i 1.R.pdb 3.P.pdb -c SAM,GPP,MG -l SAM:1,GPP:-3 --tsopt --thermo --out-dir result_mep
Root out_dir       : /result_mep/
Path module dir    : path_search
Pipeline mode      : path-search
refine-path        : True
TSOPT/IRC          : True
Thermochemistry    : True
DFT single-point   : False
Opt mode           : grad  (grad: lbfgs/dimer; hess: rfo/rsirfo)
MEP mode           : gsm
Code version       : pdb2reaction 0.3.3
UMA model          : uma-s-1p1
Total charge (ML)  : 0
Multiplicity (2S+1): 1
Freeze atoms (1-based): 1,16,32,54,71,145,157,198,213,227,234,288,294,321,329,384,391,406,424,445,461,469,489,509,514,519

[1] Global MEP overview
  Number of MEP images : 49
  Number of segments   : 3
  MEP trajectory (PDB) : path_search/mep.pdb
  MEP energy plot      : path_search/mep_plot.png

  MEP energy diagram (ΔE, kcal/mol)
    Image : path_search/energy_diagram_MEP.png
    State    ΔE [kcal/mol]
        R          0.0000
        TS1       27.3460
        IM1_1      6.1702
        IM1_TS     8.8468
        IM1_2      8.8468
        TS2       34.2861
        P         -7.1013

[2] Segment-level MEP summary (UMA path)
  - Segment 01 [seg]  tag=seg_001_refine
      ΔE‡ =   27.35 kcal/mol,  ΔE =    6.17 kcal/mol
      Bond changes:
      [{'Bond formed (1)': ['C543-C602 : 3.223 Å --> 1.643 Å']}, {'Bond broken (1)': ['S542-C543 : 1.797 Å --> 3.423 Å']}]
  - Segment 02 [bridge]  tag=seg_001_seg_000_bridge
      ΔE‡ =    2.68 kcal/mol,  ΔE =    2.68 kcal/mol
      Bond changes:
      (no covalent changes detected)
  - Segment 03 [seg]  tag=seg_000_refine
      ΔE‡ =   25.44 kcal/mol,  ΔE =  -15.95 kcal/mol
      Bond changes:
      [{'Bond formed (1)': ['O368-H603 : 2.415 Å --> 0.969 Å']}, {'Bond broken (1)': ['C602-H603 : 1.087 Å --> 3.110 Å']}]

[3] Per-segment post-processing (TSOPT / Thermo / DFT)
  === Segment 01 (seg) tag=seg_001_refine ===
    Post-process dir : path_search/post_seg_01
    TS imaginary freq:
      n_imag       : 1
      ν_imag (max) : -586.9 cm^-1
      NOTE         : OK (single imaginary mode)
    IRC plot         : path_search/post_seg_01/irc/irc_plot.png
    IRC trajectory   : path_search/post_seg_01/irc/finished_irc_trj.xyz
    -- UMA energies (TSOPT+IRC) --
       State   Abs [Eh]          Rel [kcal/mol]
        R        -17167.533677            0.0000
        TS1      -17167.489632           27.6382
        P        -17167.517755            9.9907
       Diagram  : path_search/post_seg_01/energy_diagram_UMA.png
       Structures:
         R: path_search/post_seg_01/structures/reactant.xyz
         TS: path_search/post_seg_01/structures/ts.xyz
         P: path_search/post_seg_01/structures/product.xyz
    -- UMA Gibbs (thermo) --
       State   Abs [Eh]          Rel [kcal/mol]
        R        -17162.269550            0.0000
        TS1      -17162.226617           26.9410
        P        -17162.256305            8.3114
       Diagram  : path_search/post_seg_01/energy_diagram_G_UMA.png
       Structures:
         R: path_search/post_seg_01/structures/reactant.xyz
         TS: path_search/post_seg_01/structures/ts.xyz
         P: path_search/post_seg_01/structures/product.xyz
  === Segment 03 (seg) tag=seg_000_refine ===
    Post-process dir : path_search/post_seg_03
    TS imaginary freq:
      n_imag       : 1
      ν_imag (max) : -556.6 cm^-1
      NOTE         : OK (single imaginary mode)
    IRC plot         : path_search/post_seg_03/irc/irc_plot.png
    IRC trajectory   : path_search/post_seg_03/irc/finished_irc_trj.xyz
    -- UMA energies (TSOPT+IRC) --
       State   Abs [Eh]          Rel [kcal/mol]
        R        -17167.526478            0.0000
        TS3      -17167.525181            0.8139
        P        -17167.565585          -24.5400
       Diagram  : path_search/post_seg_03/energy_diagram_UMA.png
       Structures:
         R: path_search/post_seg_03/structures/reactant.xyz
         TS: path_search/post_seg_03/structures/ts.xyz
         P: path_search/post_seg_03/structures/product.xyz
    -- UMA Gibbs (thermo) --
       State   Abs [Eh]          Rel [kcal/mol]
        R        -17162.266360            0.0000
        TS3      -17162.266126            0.1465
        P        -17162.301049          -21.7681
       Diagram  : path_search/post_seg_03/energy_diagram_G_UMA.png
       Structures:
         R: path_search/post_seg_03/structures/reactant.xyz
         TS: path_search/post_seg_03/structures/ts.xyz
         P: path_search/post_seg_03/structures/product.xyz

  Segment overview table
    Seg                               1(seg_001_refine) 2(seg_001_seg_000_bridge)         3(seg_000_refine)
    MEP ΔE‡ [kcal/mol]                            27.35                      2.68                     25.44
    MEP ΔE  [kcal/mol]                             6.17                      2.68                    -15.95
    UMA ΔE‡ [kcal/mol]                            27.64                       ---                      0.81
    UMA ΔE  [kcal/mol]                             9.99                       ---                    -24.54
    UMA ΔG‡ [kcal/mol]                            26.94                       ---                      0.15
    UMA ΔG  [kcal/mol]                             8.31                       ---                    -21.77
    DFT//UMA ΔE‡ [kcal/mol]                         ---                       ---                       ---
    DFT//UMA ΔE  [kcal/mol]                         ---                       ---                       ---
    DFT//UMA ΔG‡ [kcal/mol]                         ---                       ---                       ---
    DFT//UMA ΔG  [kcal/mol]                         ---                       ---                       ---

[4] Energy diagrams (overview)
  energy_diagram_MEP  (ylabel: ΔE (kcal/mol))
    State   ΔE [kcal/mol]
        R         0.000
        TS1      27.346
        IM1_1     6.170
        IM1_TS    8.847
        IM1_2     8.847
        TS2      34.286
        P        -7.101
    Image : path_search/energy_diagram_MEP.png
  energy_diagram_UMA_all  (ylabel: ΔE (kcal/mol))
    State   ΔE [kcal/mol]
        R         0.000
        TS1      27.638
        IM1_1     9.991
        IM1_2     4.518
        TS2       5.331
        P       -20.022
    Image : energy_diagram_UMA_all.png
  energy_diagram_G_UMA_all  (ylabel: ΔG (kcal/mol))
    State   ΔG [kcal/mol]
        R         0.000
        TS1      26.941
        IM1_1     8.311
        IM1_2     2.002
        TS2       2.149
        P       -19.766
    Image : energy_diagram_G_UMA_all.png

  Energy diagram overview table
    State                           R     TS1   IM1_1  IM1_TS   IM1_2     TS2       P
    MEP ΔE  [kcal/mol]           0.00   27.35    6.17    8.85    8.85   34.29   -7.10
    UMA ΔE  [kcal/mol]           0.00   27.64    9.99     ---    4.52    5.33  -20.02
    UMA ΔG  [kcal/mol]           0.00   26.94    8.31     ---    2.00    2.15  -19.77
    DFT//UMA ΔE  [kcal/mol]       ---     ---     ---     ---     ---     ---     ---
    DFT//UMA ΔG  [kcal/mol]       ---     ---     ---     ---     ---     ---     ---

[5] Output directory structure
  result/
  ├─ path_search/  # Primary path module outputs
  │  ├─ align_refine/
  │  │  └─ pair_00/
  │  │     └─ {final_geometry.xyz}
  │  ├─ init00_lbfgs_opt/
  │  │  └─ {final_geometry.pdb,final_geometry.xyz}
  │  ├─ init01_lbfgs_opt/
  │  │  └─ {final_geometry.pdb,final_geometry.xyz}
  │  ├─ post_seg_01/
  │  │  ├─ freq/
  │  │  │  ├─ P/
  │  │  │  ├─ R/
  │  │  │  └─ TS/
  │  │  ├─ irc/
  │  │  │  └─ {backward_first.xyz,backward_irc.pdb,backward_irc_trj.xyz,backward_last.xyz,finished_first.xyz,finished_irc.pdb,finished_irc_trj.xyz,finished_last.xyz,forward_first.xyz,forward_irc.pdb,forward_irc_trj.xyz,forward_last.xyz,irc_plot.png}
  │  │  ├─ structures/
  │  │  │  └─ {product.pdb,product.xyz,product_irc.pdb,product_irc.xyz,reactant.pdb,reactant.xyz,reactant_irc.pdb,reactant_irc.xyz,ts.pdb,ts.xyz}
  │  │  ├─ ts/
  │  │  │  ├─ vib/
  │  │  │  ├─ final_geometry.pdb
  │  │  │  └─ final_geometry.xyz
  │  │  ├─ energy_diagram_G_UMA.png
  │  │  └─ energy_diagram_UMA.png
  │  ├─ post_seg_03/
  │  │  ├─ freq/
  │  │  │  ├─ P/
  │  │  │  ├─ R/
  │  │  │  └─ TS/
  │  │  ├─ irc/
  │  │  │  └─ {backward_first.xyz,backward_irc.pdb,backward_irc_trj.xyz,backward_last.xyz,finished_first.xyz,finished_irc.pdb,finished_irc_trj.xyz,finished_last.xyz,forward_first.xyz,forward_irc.pdb,forward_irc_trj.xyz,forward_last.xyz,irc_plot.png}
  │  │  ├─ structures/
  │  │  │  └─ {product.pdb,product.xyz,product_irc.pdb,product_irc.xyz,reactant.pdb,reactant.xyz,reactant_irc.pdb,reactant_irc.xyz,ts.pdb,ts.xyz}
  │  │  ├─ ts/
  │  │  │  ├─ vib/
  │  │  │  ├─ final_geometry.pdb
  │  │  │  └─ final_geometry.xyz
  │  │  ├─ energy_diagram_G_UMA.png
  │  │  └─ energy_diagram_UMA.png
  │  ├─ seg_000_left_lbfgs_opt/
  │  │  └─ {final_geometry.pdb,final_geometry.xyz}
  │  ├─ seg_000_mep/
  │  │  └─ {final_geometries.pdb,final_geometries_trj.xyz,hei.pdb,hei.xyz,mep_plot.png}
  │  ├─ seg_000_refine_mep/
  │  │  └─ {final_geometries.pdb,final_geometries_trj.xyz,hei.pdb,hei.xyz,mep_plot.png}
  │  ├─ seg_000_right_lbfgs_opt/
  │  │  └─ {final_geometry.pdb,final_geometry.xyz}
  │  ├─ seg_001_left_lbfgs_opt/
  │  │  └─ {final_geometry.pdb,final_geometry.xyz}
  │  ├─ seg_001_mep/
  │  │  └─ {final_geometries.pdb,final_geometries_trj.xyz,hei.pdb,hei.xyz,mep_plot.png}
  │  ├─ seg_001_refine_mep/
  │  │  └─ {final_geometries.pdb,final_geometries_trj.xyz,hei.pdb,hei.xyz,mep_plot.png}
  │  ├─ seg_001_right_lbfgs_opt/
  │  │  └─ {final_geometry.pdb,final_geometry.xyz}
  │  ├─ seg_001_seg_000_bridge_mep/
  │  │  └─ {final_geometries.pdb,final_geometries_trj.xyz,hei.pdb,hei.xyz,mep_plot.png}
  │  ├─ energy_diagram_MEP.png
  │  ├─ hei_seg_01.pdb
  │  ├─ hei_seg_01.xyz
  │  ├─ hei_seg_03.pdb
  │  ├─ hei_seg_03.xyz
  │  ├─ hei_w_ref_seg_01.pdb
  │  ├─ hei_w_ref_seg_03.pdb
  │  ├─ mep.pdb
  │  ├─ mep_plot.png
  │  ├─ mep_seg_01.pdb
  │  ├─ mep_seg_01_trj.xyz
  │  ├─ mep_seg_03.pdb
  │  ├─ mep_seg_03_trj.xyz
  │  ├─ mep_trj.xyz
  │  ├─ mep_w_ref.pdb
  │  ├─ mep_w_ref_seg_01.pdb
  │  ├─ mep_w_ref_seg_03.pdb
  │  ├─ summary.log
  │  └─ summary.json
  ├─ models/  # Extracted active site model PDBs
  │  └─ {model_1.R.pdb,model_3.P.pdb}
  ├─ energy_diagram_G_UMA_all.png  # UMA Gibbs R–TS–P (all segments)
  ├─ energy_diagram_MEP.png  # Compressed MEP diagram
  ├─ energy_diagram_UMA_all.png  # UMA R–TS–P energies (all segments)
  ├─ irc_plot_all.png  # Aggregated IRC plot
  ├─ mep.pdb
  ├─ mep_plot.png  # UMA MEP energy plot
  ├─ mep_trj.xyz
  ├─ mep_w_ref.pdb
  ├─ summary.log
  ├─ summary.json
  ├─ ts_seg_01.pdb
  ├─ ts_seg_01.xyz
  ├─ ts_seg_03.pdb
  └─ ts_seg_03.xyz
