========================================================================
pdb2reaction summary.log
========================================================================
Input              : pdb2reaction all -i 1.R.pdb -c SAM,GPP,MG -l SAM:1,GPP:-3 --scan-lists [("CS1 SAM 320","GPP 321 C7",1.60)] [("GPP 321 H11","GLU 186 OE2",0.90)] --tsopt --thermo --out-dir result_scan
Root out_dir       : /result_scan/
Path module dir    : path_search
Pipeline mode      : path-search
refine-path        : True
TSOPT/IRC          : True
Thermochemistry    : True
DFT single-point   : False
Opt mode           : grad  (grad: lbfgs/dimer; hess: rfo/rsirfo)
MEP mode           : gsm
Code version       : pdb2reaction 0.3.3
UMA model          : uma-s-1p1
Total charge (ML)  : 1
Multiplicity (2S+1): 1
Freeze atoms (1-based): 1,16,32,54,71,145,157,198,213,227,234,288,294,349,356,371,389,410,426,434,454,474,479,484

[1] Global MEP overview
  Number of MEP images : 49
  Number of segments   : 3
  MEP trajectory (PDB) : path_search/mep.pdb
  MEP energy plot      : path_search/mep_plot.png

  MEP energy diagram (ΔE, kcal/mol)
    Image : path_search/energy_diagram_MEP.png
    State    ΔE [kcal/mol]
        R          0.0000
        TS1       21.8604
        IM1_1      0.2545
        IM1_2     -5.4920
        TS2        5.2753
        P        -25.6123

[2] Segment-level MEP summary (UMA path)
  - Segment 01 [seg]  tag=seg_000_refine
      ΔE‡ =   21.86 kcal/mol,  ΔE =    0.25 kcal/mol
      Bond changes:
      [{'Bond formed (1)': ['C508-C567 : 3.167 Å --> 1.675 Å']}, {'Bond broken (1)': ['S507-C508 : 1.798 Å --> 3.433 Å']}]
  - Segment 02 [bridge]  tag=seg_000_seg_001_bridge
      ΔE‡ =    0.00 kcal/mol,  ΔE =   -5.75 kcal/mol
      Bond changes:
      (no covalent changes detected)
  - Segment 03 [seg]  tag=seg_001_refine
      ΔE‡ =   10.77 kcal/mol,  ΔE =  -20.12 kcal/mol
      Bond changes:
      [{'Bond formed (1)': ['O333-H568 : 2.231 Å --> 0.978 Å']}, {'Bond broken (1)': ['C567-H568 : 1.100 Å --> 2.305 Å']}]

[3] Per-segment post-processing (TSOPT / Thermo / DFT)
  === Segment 01 (seg) tag=seg_000_refine ===
    Post-process dir : path_search/post_seg_01
    TS imaginary freq:
      n_imag       : 1
      ν_imag (max) : -463.3 cm^-1
      NOTE         : OK (single imaginary mode)
    IRC plot         : path_search/post_seg_01/irc/irc_plot.png
    IRC trajectory   : path_search/post_seg_01/irc/finished_irc_trj.xyz
    -- UMA energies (TSOPT+IRC) --
       State   Abs [Eh]          Rel [kcal/mol]
        R        -15928.283926            0.0000
        TS1      -15928.249200           21.7914
        P        -15928.282690            0.7760
       Diagram  : path_search/post_seg_01/energy_diagram_UMA.png
       Structures:
         R: path_search/post_seg_01/structures/reactant.xyz
         TS: path_search/post_seg_01/structures/ts.xyz
         P: path_search/post_seg_01/structures/product.xyz
    -- UMA Gibbs (thermo) --
       State   Abs [Eh]          Rel [kcal/mol]
        R        -15923.298988            0.0000
        TS1      -15923.264013           21.9471
        P        -15923.295047            2.4729
       Diagram  : path_search/post_seg_01/energy_diagram_G_UMA.png
       Structures:
         R: path_search/post_seg_01/structures/reactant.xyz
         TS: path_search/post_seg_01/structures/ts.xyz
         P: path_search/post_seg_01/structures/product.xyz
  === Segment 03 (seg) tag=seg_001_refine ===
    Post-process dir : path_search/post_seg_03
    TS imaginary freq:
      n_imag       : 1
      ν_imag (max) : -724.6 cm^-1
      NOTE         : OK (single imaginary mode)
    IRC plot         : path_search/post_seg_03/irc/irc_plot.png
    IRC trajectory   : path_search/post_seg_03/irc/finished_irc_trj.xyz
    -- UMA energies (TSOPT+IRC) --
       State   Abs [Eh]          Rel [kcal/mol]
        R        -15928.278001            0.0000
        TS3      -15928.274688            2.0788
        P        -15928.310755          -20.5533
       Diagram  : path_search/post_seg_03/energy_diagram_UMA.png
       Structures:
         R: path_search/post_seg_03/structures/reactant.xyz
         TS: path_search/post_seg_03/structures/ts.xyz
         P: path_search/post_seg_03/structures/product.xyz
    -- UMA Gibbs (thermo) --
       State   Abs [Eh]          Rel [kcal/mol]
        R        -15923.294175            0.0000
        TS3      -15923.291885            1.4366
        P        -15923.322234          -17.6077
       Diagram  : path_search/post_seg_03/energy_diagram_G_UMA.png
       Structures:
         R: path_search/post_seg_03/structures/reactant.xyz
         TS: path_search/post_seg_03/structures/ts.xyz
         P: path_search/post_seg_03/structures/product.xyz

  Segment overview table
    Seg                               1(seg_000_refine) 2(seg_000_seg_001_bridge)         3(seg_001_refine)
    MEP ΔE‡ [kcal/mol]                            21.86                      0.00                     10.77
    MEP ΔE  [kcal/mol]                             0.25                     -5.75                    -20.12
    UMA ΔE‡ [kcal/mol]                            21.79                       ---                      2.08
    UMA ΔE  [kcal/mol]                             0.78                       ---                    -20.55
    UMA ΔG‡ [kcal/mol]                            21.95                       ---                      1.44
    UMA ΔG  [kcal/mol]                             2.47                       ---                    -17.61
    DFT//UMA ΔE‡ [kcal/mol]                         ---                       ---                       ---
    DFT//UMA ΔE  [kcal/mol]                         ---                       ---                       ---
    DFT//UMA ΔG‡ [kcal/mol]                         ---                       ---                       ---
    DFT//UMA ΔG  [kcal/mol]                         ---                       ---                       ---

[4] Energy diagrams (overview)
  energy_diagram_MEP  (ylabel: ΔE (kcal/mol))
    State   ΔE [kcal/mol]
        R         0.000
        TS1      21.860
        IM1_1     0.254
        IM1_2    -5.492
        TS2       5.275
        P       -25.612
    Image : path_search/energy_diagram_MEP.png
  energy_diagram_UMA_all  (ylabel: ΔE (kcal/mol))
    State   ΔE [kcal/mol]
        R         0.000
        TS1      21.791
        IM1_1     0.776
        IM1_2     3.718
        TS2       5.797
        P       -16.835
    Image : energy_diagram_UMA_all.png
  energy_diagram_G_UMA_all  (ylabel: ΔG (kcal/mol))
    State   ΔG [kcal/mol]
        R         0.000
        TS1      21.947
        IM1_1     2.473
        IM1_2     3.020
        TS2       4.457
        P       -14.588
    Image : energy_diagram_G_UMA_all.png

  Energy diagram overview table
    State                           R     TS1   IM1_1   IM1_2     TS2       P
    MEP ΔE  [kcal/mol]           0.00   21.86    0.25   -5.49    5.28  -25.61
    UMA ΔE  [kcal/mol]           0.00   21.79    0.78    3.72    5.80  -16.84
    UMA ΔG  [kcal/mol]           0.00   21.95    2.47    3.02    4.46  -14.59
    DFT//UMA ΔE  [kcal/mol]       ---     ---     ---     ---     ---     ---
    DFT//UMA ΔG  [kcal/mol]       ---     ---     ---     ---     ---     ---

[5] Output directory structure
  result/
  ├─ path_search/  # Primary path module outputs
  │  ├─ align_refine/
  │  │  ├─ pair_00/
  │  │  │  └─ {final_geometry.xyz}
  │  │  └─ pair_01/
  │  │     └─ {final_geometry.xyz}
  │  ├─ init00_lbfgs_opt/
  │  │  └─ {final_geometry.pdb,final_geometry.xyz}
  │  ├─ init01_lbfgs_opt/
  │  │  └─ {final_geometry.pdb,final_geometry.xyz}
  │  ├─ init02_lbfgs_opt/
  │  │  └─ {final_geometry.pdb,final_geometry.xyz}
  │  ├─ post_seg_01/
  │  │  ├─ freq/
  │  │  │  ├─ P/
  │  │  │  ├─ R/
  │  │  │  └─ TS/
  │  │  ├─ irc/
  │  │  │  └─ {backward_first.xyz,backward_irc.pdb,backward_irc_trj.xyz,backward_last.xyz,finished_first.xyz,finished_irc.pdb,finished_irc_trj.xyz,finished_last.xyz,forward_first.xyz,forward_irc.pdb,forward_irc_trj.xyz,forward_last.xyz,irc_plot.png}
  │  │  ├─ structures/
  │  │  │  └─ {product.pdb,product.xyz,product_irc.pdb,product_irc.xyz,reactant.pdb,reactant.xyz,reactant_irc.pdb,reactant_irc.xyz,ts.pdb,ts.xyz}
  │  │  ├─ ts/
  │  │  │  ├─ vib/
  │  │  │  ├─ final_geometry.pdb
  │  │  │  └─ final_geometry.xyz
  │  │  ├─ energy_diagram_G_UMA.png
  │  │  └─ energy_diagram_UMA.png
  │  ├─ post_seg_03/
  │  │  ├─ freq/
  │  │  │  ├─ P/
  │  │  │  ├─ R/
  │  │  │  └─ TS/
  │  │  ├─ irc/
  │  │  │  └─ {backward_first.xyz,backward_irc.pdb,backward_irc_trj.xyz,backward_last.xyz,finished_first.xyz,finished_irc.pdb,finished_irc_trj.xyz,finished_last.xyz,forward_first.xyz,forward_irc.pdb,forward_irc_trj.xyz,forward_last.xyz,irc_plot.png}
  │  │  ├─ structures/
  │  │  │  └─ {product.pdb,product.xyz,product_irc.pdb,product_irc.xyz,reactant.pdb,reactant.xyz,reactant_irc.pdb,reactant_irc.xyz,ts.pdb,ts.xyz}
  │  │  ├─ ts/
  │  │  │  ├─ vib/
  │  │  │  ├─ final_geometry.pdb
  │  │  │  └─ final_geometry.xyz
  │  │  ├─ energy_diagram_G_UMA.png
  │  │  └─ energy_diagram_UMA.png
  │  ├─ seg_000_left_lbfgs_opt/
  │  │  └─ {final_geometry.pdb,final_geometry.xyz}
  │  ├─ seg_000_mep/
  │  │  └─ {final_geometries.pdb,final_geometries_trj.xyz,hei.pdb,hei.xyz,mep_plot.png}
  │  ├─ seg_000_refine_mep/
  │  │  └─ {final_geometries.pdb,final_geometries_trj.xyz,hei.pdb,hei.xyz,mep_plot.png}
  │  ├─ seg_000_right_lbfgs_opt/
  │  │  └─ {final_geometry.pdb,final_geometry.xyz}
  │  ├─ seg_000_seg_001_bridge_mep/
  │  │  └─ {final_geometries.pdb,final_geometries_trj.xyz,hei.pdb,hei.xyz,mep_plot.png}
  │  ├─ seg_001_left_lbfgs_opt/
  │  │  └─ {final_geometry.pdb,final_geometry.xyz}
  │  ├─ seg_001_mep/
  │  │  └─ {final_geometries.pdb,final_geometries_trj.xyz,hei.pdb,hei.xyz,mep_plot.png}
  │  ├─ seg_001_refine_mep/
  │  │  └─ {final_geometries.pdb,final_geometries_trj.xyz,hei.pdb,hei.xyz,mep_plot.png}
  │  ├─ seg_001_right_lbfgs_opt/
  │  │  └─ {final_geometry.pdb,final_geometry.xyz}
  │  ├─ energy_diagram_MEP.png
  │  ├─ hei_seg_01.pdb
  │  ├─ hei_seg_01.xyz
  │  ├─ hei_seg_03.pdb
  │  ├─ hei_seg_03.xyz
  │  ├─ hei_w_ref_seg_01.pdb
  │  ├─ hei_w_ref_seg_03.pdb
  │  ├─ mep.pdb
  │  ├─ mep_plot.png
  │  ├─ mep_seg_01.pdb
  │  ├─ mep_seg_01_trj.xyz
  │  ├─ mep_seg_03.pdb
  │  ├─ mep_seg_03_trj.xyz
  │  ├─ mep_trj.xyz
  │  ├─ mep_w_ref.pdb
  │  ├─ mep_w_ref_seg_01.pdb
  │  ├─ mep_w_ref_seg_03.pdb
  │  ├─ summary.log
  │  └─ summary.yaml
  ├─ models/  # Extracted active site model PDBs
  │  └─ {model_1.R.pdb}
  ├─ scan/  # Staged scan outputs
  │  ├─ preopt/
  │  │  └─ {preopt_final_geometry.xyz,result.pdb,result.xyz}
  │  ├─ stage_01/
  │  │  └─ {result.pdb,result.xyz,scan.pdb,scan_s0001_final_geometry.xyz,scan_s0002_final_geometry.xyz,scan_s0003_final_geometry.xyz,scan_s0004_final_geometry.xyz,scan_s0005_final_geometry.xyz,scan_s0006_final_geometry.xyz,scan_s0007_final_geometry.xyz,scan_s0008_final_geometry.xyz,scan_trj.xyz}
  │  ├─ stage_02/
  │  │  └─ {result.pdb,result.xyz,scan.pdb,scan_s0001_final_geometry.xyz,scan_s0002_final_geometry.xyz,scan_s0003_final_geometry.xyz,scan_s0004_final_geometry.xyz,scan_s0005_final_geometry.xyz,scan_s0006_final_geometry.xyz,scan_s0007_final_geometry.xyz,scan_s0008_final_geometry.xyz,scan_trj.xyz}
  │  ├─ scan.pdb
  │  └─ scan_trj.xyz
  ├─ energy_diagram_G_UMA_all.png  # UMA Gibbs R–TS–P (all segments)
  ├─ energy_diagram_MEP.png  # Compressed MEP diagram
  ├─ energy_diagram_UMA_all.png  # UMA R–TS–P energies (all segments)
  ├─ irc_plot_all.png  # Aggregated IRC plot
  ├─ mep.pdb
  ├─ mep_plot.png  # UMA MEP energy plot
  ├─ mep_trj.xyz
  ├─ mep_w_ref.pdb
  ├─ summary.log
  ├─ summary.yaml
  ├─ ts_seg_01.pdb
  ├─ ts_seg_01.xyz
  ├─ ts_seg_03.pdb
  └─ ts_seg_03.xyz
